SOVRYN_GLS_INFO annotating_sdf=/work/outputs/runtime/silicon-openlane-live-materialization/direct-alpha-runs/kan-tile-c-openlane-2026-03-29T13-45-09/remote-workspace/design/runs/kan_tile_c_v3/final/sdf/max_tt_025C_1v80/graph_kan_v1_mini_lut_fixture_kan_tile_c_top__max_tt_025C_1v80.sdf corner=max_tt_025C_1v80
SDF WARNING: /work/outputs/runtime/silicon-openlane-live-materialization/direct-alpha-runs/kan-tile-c-openlane-2026-03-29T13-45-09/remote-workspace/gls/gls_tb.v:84: Unable to match ModPath A -> Y in gls_tb.dut._24_
SDF WARNING: /work/outputs/runtime/silicon-openlane-live-materialization/direct-alpha-runs/kan-tile-c-openlane-2026-03-29T13-45-09/remote-workspace/gls/gls_tb.v:84: Unable to match ModPath B -> Y in gls_tb.dut._24_
SDF WARNING: /work/outputs/runtime/silicon-openlane-live-materialization/direct-alpha-runs/kan-tile-c-openlane-2026-03-29T13-45-09/remote-workspace/gls/gls_tb.v:84: Unable to match ModPath A -> Y in gls_tb.dut._25_
SDF WARNING: /work/outputs/runtime/silicon-openlane-live-materialization/direct-alpha-runs/kan-tile-c-openlane-2026-03-29T13-45-09/remote-workspace/gls/gls_tb.v:84: Unable to match ModPath A -> X in gls_tb.dut._26_
SDF WARNING: /work/outputs/runtime/silicon-openlane-live-materialization/direct-alpha-runs/kan-tile-c-openlane-2026-03-29T13-45-09/remote-workspace/gls/gls_tb.v:84: Unable to match ModPath B -> X in gls_tb.dut._26_
SDF WARNING: /work/outputs/runtime/silicon-openlane-live-materialization/direct-alpha-runs/kan-tile-c-openlane-2026-03-29T13-45-09/remote-workspace/gls/gls_tb.v:84: Unable to match ModPath C -> X in gls_tb.dut._26_
SDF WARNING: /work/outputs/runtime/silicon-openlane-live-materialization/direct-alpha-runs/kan-tile-c-openlane-2026-03-29T13-45-09/remote-workspace/gls/gls_tb.v:84: Unable to match ModPath D -> X in gls_tb.dut._26_
SDF WARNING: /work/outputs/runtime/silicon-openlane-live-materialization/direct-alpha-runs/kan-tile-c-openlane-2026-03-29T13-45-09/remote-workspace/gls/gls_tb.v:84: Unable to match ModPath A -> Y in gls_tb.dut._27_
SDF WARNING: /work/outputs/runtime/silicon-openlane-live-materialization/direct-alpha-runs/kan-tile-c-openlane-2026-03-29T13-45-09/remote-workspace/gls/gls_tb.v:84: Unable to match ModPath B -> Y in gls_tb.dut._27_
SDF WARNING: /work/outputs/runtime/silicon-openlane-live-materialization/direct-alpha-runs/kan-tile-c-openlane-2026-03-29T13-45-09/remote-workspace/gls/gls_tb.v:84: Unable to match ModPath C -> Y in gls_tb.dut._27_
SDF WARNING: /work/outputs/runtime/silicon-openlane-live-materialization/direct-alpha-runs/kan-tile-c-openlane-2026-03-29T13-45-09/remote-workspace/gls/gls_tb.v:84: Unable to match ModPath A -> X in gls_tb.dut._28_
SDF WARNING: /work/outputs/runtime/silicon-openlane-live-materialization/direct-alpha-runs/kan-tile-c-openlane-2026-03-29T13-45-09/remote-workspace/gls/gls_tb.v:84: Unable to match ModPath B -> X in gls_tb.dut._28_
SDF WARNING: /work/outputs/runtime/silicon-openlane-live-materialization/direct-alpha-runs/kan-tile-c-openlane-2026-03-29T13-45-09/remote-workspace/gls/gls_tb.v:84: Unable to match ModPath C -> X in gls_tb.dut._28_
SDF WARNING: /work/outputs/runtime/silicon-openlane-live-materialization/direct-alpha-runs/kan-tile-c-openlane-2026-03-29T13-45-09/remote-workspace/gls/gls_tb.v:84: Unable to match ModPath D -> X in gls_tb.dut._28_
SDF WARNING: /work/outputs/runtime/silicon-openlane-live-materialization/direct-alpha-runs/kan-tile-c-openlane-2026-03-29T13-45-09/remote-workspace/gls/gls_tb.v:84: Unable to match ModPath A1 -> Y in gls_tb.dut._29_
SDF WARNING: /work/outputs/runtime/silicon-openlane-live-materialization/direct-alpha-runs/kan-tile-c-openlane-2026-03-29T13-45-09/remote-workspace/gls/gls_tb.v:84: Unable to match ModPath A2 -> Y in gls_tb.dut._29_
SDF WARNING: /work/outputs/runtime/silicon-openlane-live-materialization/direct-alpha-runs/kan-tile-c-openlane-2026-03-29T13-45-09/remote-workspace/gls/gls_tb.v:84: Unable to match ModPath A3 -> Y in gls_tb.dut._29_
SDF WARNING: /work/outputs/runtime/silicon-openlane-live-materialization/direct-alpha-runs/kan-tile-c-openlane-2026-03-29T13-45-09/remote-workspace/gls/gls_tb.v:84: Unable to match ModPath B1 -> Y in gls_tb.dut._29_
SDF WARNING: /work/outputs/runtime/silicon-openlane-live-materialization/direct-alpha-runs/kan-tile-c-openlane-2026-03-29T13-45-09/remote-workspace/gls/gls_tb.v:84: Unable to match ModPath A -> X in gls_tb.dut._30_
SDF WARNING: /work/outputs/runtime/silicon-openlane-live-materialization/direct-alpha-runs/kan-tile-c-openlane-2026-03-29T13-45-09/remote-workspace/gls/gls_tb.v:84: Unable to match ModPath B -> X in gls_tb.dut._30_
SDF WARNING: /work/outputs/runtime/silicon-openlane-live-materialization/direct-alpha-runs/kan-tile-c-openlane-2026-03-29T13-45-09/remote-workspace/gls/gls_tb.v:84: Unable to match ModPath A -> Y in gls_tb.dut._31_
SDF WARNING: /work/outputs/runtime/silicon-openlane-live-materialization/direct-alpha-runs/kan-tile-c-openlane-2026-03-29T13-45-09/remote-workspace/gls/gls_tb.v:84: Unable to match ModPath B -> Y in gls_tb.dut._31_
SDF WARNING: /work/outputs/runtime/silicon-openlane-live-materialization/direct-alpha-runs/kan-tile-c-openlane-2026-03-29T13-45-09/remote-workspace/gls/gls_tb.v:84: Unable to match ModPath A -> Y in gls_tb.dut._32_
SDF WARNING: /work/outputs/runtime/silicon-openlane-live-materialization/direct-alpha-runs/kan-tile-c-openlane-2026-03-29T13-45-09/remote-workspace/gls/gls_tb.v:84: Unable to match ModPath B -> Y in gls_tb.dut._32_
SDF WARNING: /work/outputs/runtime/silicon-openlane-live-materialization/direct-alpha-runs/kan-tile-c-openlane-2026-03-29T13-45-09/remote-workspace/gls/gls_tb.v:84: Unable to match ModPath C -> Y in gls_tb.dut._32_
SDF WARNING: /work/outputs/runtime/silicon-openlane-live-materialization/direct-alpha-runs/kan-tile-c-openlane-2026-03-29T13-45-09/remote-workspace/gls/gls_tb.v:84: Unable to match ModPath A -> X in gls_tb.dut._33_
SDF WARNING: /work/outputs/runtime/silicon-openlane-live-materialization/direct-alpha-runs/kan-tile-c-openlane-2026-03-29T13-45-09/remote-workspace/gls/gls_tb.v:84: Unable to match ModPath B -> X in gls_tb.dut._33_
SDF WARNING: /work/outputs/runtime/silicon-openlane-live-materialization/direct-alpha-runs/kan-tile-c-openlane-2026-03-29T13-45-09/remote-workspace/gls/gls_tb.v:84: Unable to match ModPath C -> X in gls_tb.dut._33_
SDF WARNING: /work/outputs/runtime/silicon-openlane-live-materialization/direct-alpha-runs/kan-tile-c-openlane-2026-03-29T13-45-09/remote-workspace/gls/gls_tb.v:84: Unable to match ModPath A -> Y in gls_tb.dut._34_
SDF WARNING: /work/outputs/runtime/silicon-openlane-live-materialization/direct-alpha-runs/kan-tile-c-openlane-2026-03-29T13-45-09/remote-workspace/gls/gls_tb.v:84: Unable to match ModPath B -> Y in gls_tb.dut._34_
SDF WARNING: /work/outputs/runtime/silicon-openlane-live-materialization/direct-alpha-runs/kan-tile-c-openlane-2026-03-29T13-45-09/remote-workspace/gls/gls_tb.v:84: Unable to match ModPath A_N -> X in gls_tb.dut._35_
SDF WARNING: /work/outputs/runtime/silicon-openlane-live-materialization/direct-alpha-runs/kan-tile-c-openlane-2026-03-29T13-45-09/remote-workspace/gls/gls_tb.v:84: Unable to match ModPath B -> X in gls_tb.dut._35_
SDF WARNING: /work/outputs/runtime/silicon-openlane-live-materialization/direct-alpha-runs/kan-tile-c-openlane-2026-03-29T13-45-09/remote-workspace/gls/gls_tb.v:84: Unable to match ModPath A -> Y in gls_tb.dut._36_
SDF WARNING: /work/outputs/runtime/silicon-openlane-live-materialization/direct-alpha-runs/kan-tile-c-openlane-2026-03-29T13-45-09/remote-workspace/gls/gls_tb.v:84: Unable to match ModPath B -> Y in gls_tb.dut._36_
SDF WARNING: /work/outputs/runtime/silicon-openlane-live-materialization/direct-alpha-runs/kan-tile-c-openlane-2026-03-29T13-45-09/remote-workspace/gls/gls_tb.v:84: Unable to match ModPath A1 -> X in gls_tb.dut._37_
SDF WARNING: /work/outputs/runtime/silicon-openlane-live-materialization/direct-alpha-runs/kan-tile-c-openlane-2026-03-29T13-45-09/remote-workspace/gls/gls_tb.v:84: Unable to match ModPath A2 -> X in gls_tb.dut._37_
SDF WARNING: /work/outputs/runtime/silicon-openlane-live-materialization/direct-alpha-runs/kan-tile-c-openlane-2026-03-29T13-45-09/remote-workspace/gls/gls_tb.v:84: Unable to match ModPath B1 -> X in gls_tb.dut._37_
SDF WARNING: /work/outputs/runtime/silicon-openlane-live-materialization/direct-alpha-runs/kan-tile-c-openlane-2026-03-29T13-45-09/remote-workspace/gls/gls_tb.v:84: Unable to match ModPath C1 -> X in gls_tb.dut._37_
SDF WARNING: /work/outputs/runtime/silicon-openlane-live-materialization/direct-alpha-runs/kan-tile-c-openlane-2026-03-29T13-45-09/remote-workspace/gls/gls_tb.v:84: Unable to match ModPath A1 -> X in gls_tb.dut._38_
SDF WARNING: /work/outputs/runtime/silicon-openlane-live-materialization/direct-alpha-runs/kan-tile-c-openlane-2026-03-29T13-45-09/remote-workspace/gls/gls_tb.v:84: Unable to match ModPath A2 -> X in gls_tb.dut._38_
SDF WARNING: /work/outputs/runtime/silicon-openlane-live-materialization/direct-alpha-runs/kan-tile-c-openlane-2026-03-29T13-45-09/remote-workspace/gls/gls_tb.v:84: Unable to match ModPath B1 -> X in gls_tb.dut._38_
SDF WARNING: /work/outputs/runtime/silicon-openlane-live-materialization/direct-alpha-runs/kan-tile-c-openlane-2026-03-29T13-45-09/remote-workspace/gls/gls_tb.v:84: Unable to match ModPath B2 -> X in gls_tb.dut._38_
SDF WARNING: /work/outputs/runtime/silicon-openlane-live-materialization/direct-alpha-runs/kan-tile-c-openlane-2026-03-29T13-45-09/remote-workspace/gls/gls_tb.v:84: Unable to match ModPath A -> X in gls_tb.dut._39_
SDF WARNING: /work/outputs/runtime/silicon-openlane-live-materialization/direct-alpha-runs/kan-tile-c-openlane-2026-03-29T13-45-09/remote-workspace/gls/gls_tb.v:84: Unable to match ModPath B -> X in gls_tb.dut._39_
SDF WARNING: /work/outputs/runtime/silicon-openlane-live-materialization/direct-alpha-runs/kan-tile-c-openlane-2026-03-29T13-45-09/remote-workspace/gls/gls_tb.v:84: Unable to match ModPath A_N -> X in gls_tb.dut._40_
SDF WARNING: /work/outputs/runtime/silicon-openlane-live-materialization/direct-alpha-runs/kan-tile-c-openlane-2026-03-29T13-45-09/remote-workspace/gls/gls_tb.v:84: Unable to match ModPath B -> X in gls_tb.dut._40_
SDF WARNING: /work/outputs/runtime/silicon-openlane-live-materialization/direct-alpha-runs/kan-tile-c-openlane-2026-03-29T13-45-09/remote-workspace/gls/gls_tb.v:84: Unable to match ModPath C -> X in gls_tb.dut._40_
SDF WARNING: /work/outputs/runtime/silicon-openlane-live-materialization/direct-alpha-runs/kan-tile-c-openlane-2026-03-29T13-45-09/remote-workspace/gls/gls_tb.v:84: Unable to match ModPath A1 -> X in gls_tb.dut._41_
SDF WARNING: /work/outputs/runtime/silicon-openlane-live-materialization/direct-alpha-runs/kan-tile-c-openlane-2026-03-29T13-45-09/remote-workspace/gls/gls_tb.v:84: Unable to match ModPath A2 -> X in gls_tb.dut._41_
SDF WARNING: /work/outputs/runtime/silicon-openlane-live-materialization/direct-alpha-runs/kan-tile-c-openlane-2026-03-29T13-45-09/remote-workspace/gls/gls_tb.v:84: Unable to match ModPath A3 -> X in gls_tb.dut._41_
SDF WARNING: /work/outputs/runtime/silicon-openlane-live-materialization/direct-alpha-runs/kan-tile-c-openlane-2026-03-29T13-45-09/remote-workspace/gls/gls_tb.v:84: Unable to match ModPath B1 -> X in gls_tb.dut._41_
SDF WARNING: /work/outputs/runtime/silicon-openlane-live-materialization/direct-alpha-runs/kan-tile-c-openlane-2026-03-29T13-45-09/remote-workspace/gls/gls_tb.v:84: Unable to match ModPath B2 -> X in gls_tb.dut._41_
SDF WARNING: /work/outputs/runtime/silicon-openlane-live-materialization/direct-alpha-runs/kan-tile-c-openlane-2026-03-29T13-45-09/remote-workspace/gls/gls_tb.v:84: Unable to match ModPath A0 -> X in gls_tb.dut._42_
SDF WARNING: /work/outputs/runtime/silicon-openlane-live-materialization/direct-alpha-runs/kan-tile-c-openlane-2026-03-29T13-45-09/remote-workspace/gls/gls_tb.v:84: Unable to match ModPath A1 -> X in gls_tb.dut._42_
SDF WARNING: /work/outputs/runtime/silicon-openlane-live-materialization/direct-alpha-runs/kan-tile-c-openlane-2026-03-29T13-45-09/remote-workspace/gls/gls_tb.v:84: Unable to match ModPath S -> X in gls_tb.dut._42_
SDF WARNING: /work/outputs/runtime/silicon-openlane-live-materialization/direct-alpha-runs/kan-tile-c-openlane-2026-03-29T13-45-09/remote-workspace/gls/gls_tb.v:84: Unable to match ModPath S -> X in gls_tb.dut._42_
SDF WARNING: /work/outputs/runtime/silicon-openlane-live-materialization/direct-alpha-runs/kan-tile-c-openlane-2026-03-29T13-45-09/remote-workspace/gls/gls_tb.v:84: Unable to match ModPath A -> X in gls_tb.dut._43_
SDF WARNING: /work/outputs/runtime/silicon-openlane-live-materialization/direct-alpha-runs/kan-tile-c-openlane-2026-03-29T13-45-09/remote-workspace/gls/gls_tb.v:84: Unable to match ModPath B -> X in gls_tb.dut._43_
SDF WARNING: /work/outputs/runtime/silicon-openlane-live-materialization/direct-alpha-runs/kan-tile-c-openlane-2026-03-29T13-45-09/remote-workspace/gls/gls_tb.v:84: Unable to match ModPath A1 -> X in gls_tb.dut._44_
SDF WARNING: /work/outputs/runtime/silicon-openlane-live-materialization/direct-alpha-runs/kan-tile-c-openlane-2026-03-29T13-45-09/remote-workspace/gls/gls_tb.v:84: Unable to match ModPath A2 -> X in gls_tb.dut._44_
SDF WARNING: /work/outputs/runtime/silicon-openlane-live-materialization/direct-alpha-runs/kan-tile-c-openlane-2026-03-29T13-45-09/remote-workspace/gls/gls_tb.v:84: Unable to match ModPath B1 -> X in gls_tb.dut._44_
SDF WARNING: /work/outputs/runtime/silicon-openlane-live-materialization/direct-alpha-runs/kan-tile-c-openlane-2026-03-29T13-45-09/remote-workspace/gls/gls_tb.v:84: Unable to match ModPath A1 -> X in gls_tb.dut._45_
SDF WARNING: /work/outputs/runtime/silicon-openlane-live-materialization/direct-alpha-runs/kan-tile-c-openlane-2026-03-29T13-45-09/remote-workspace/gls/gls_tb.v:84: Unable to match ModPath A2 -> X in gls_tb.dut._45_
SDF WARNING: /work/outputs/runtime/silicon-openlane-live-materialization/direct-alpha-runs/kan-tile-c-openlane-2026-03-29T13-45-09/remote-workspace/gls/gls_tb.v:84: Unable to match ModPath B1 -> X in gls_tb.dut._45_
SDF WARNING: /work/outputs/runtime/silicon-openlane-live-materialization/direct-alpha-runs/kan-tile-c-openlane-2026-03-29T13-45-09/remote-workspace/gls/gls_tb.v:84: Unable to match ModPath B2 -> X in gls_tb.dut._45_
SDF WARNING: /work/outputs/runtime/silicon-openlane-live-materialization/direct-alpha-runs/kan-tile-c-openlane-2026-03-29T13-45-09/remote-workspace/gls/gls_tb.v:84: Unable to match ModPath A1_N -> X in gls_tb.dut._46_
SDF WARNING: /work/outputs/runtime/silicon-openlane-live-materialization/direct-alpha-runs/kan-tile-c-openlane-2026-03-29T13-45-09/remote-workspace/gls/gls_tb.v:84: Unable to match ModPath A2_N -> X in gls_tb.dut._46_
SDF WARNING: /work/outputs/runtime/silicon-openlane-live-materialization/direct-alpha-runs/kan-tile-c-openlane-2026-03-29T13-45-09/remote-workspace/gls/gls_tb.v:84: Unable to match ModPath B1 -> X in gls_tb.dut._46_
SDF WARNING: /work/outputs/runtime/silicon-openlane-live-materialization/direct-alpha-runs/kan-tile-c-openlane-2026-03-29T13-45-09/remote-workspace/gls/gls_tb.v:84: Unable to match ModPath B2 -> X in gls_tb.dut._46_
SDF WARNING: /work/outputs/runtime/silicon-openlane-live-materialization/direct-alpha-runs/kan-tile-c-openlane-2026-03-29T13-45-09/remote-workspace/gls/gls_tb.v:84: Unable to match ModPath A1 -> X in gls_tb.dut._47_
SDF WARNING: /work/outputs/runtime/silicon-openlane-live-materialization/direct-alpha-runs/kan-tile-c-openlane-2026-03-29T13-45-09/remote-workspace/gls/gls_tb.v:84: Unable to match ModPath A2 -> X in gls_tb.dut._47_
SDF WARNING: /work/outputs/runtime/silicon-openlane-live-materialization/direct-alpha-runs/kan-tile-c-openlane-2026-03-29T13-45-09/remote-workspace/gls/gls_tb.v:84: Unable to match ModPath B1 -> X in gls_tb.dut._47_
SDF WARNING: /work/outputs/runtime/silicon-openlane-live-materialization/direct-alpha-runs/kan-tile-c-openlane-2026-03-29T13-45-09/remote-workspace/gls/gls_tb.v:84: Unable to match ModPath CLK -> Q in gls_tb.dut._48_
SDF WARNING: /work/outputs/runtime/silicon-openlane-live-materialization/direct-alpha-runs/kan-tile-c-openlane-2026-03-29T13-45-09/remote-workspace/gls/gls_tb.v:84: Unable to match ModPath RESET_B -> Q in gls_tb.dut._48_
SDF WARNING: /work/outputs/runtime/silicon-openlane-live-materialization/direct-alpha-runs/kan-tile-c-openlane-2026-03-29T13-45-09/remote-workspace/gls/gls_tb.v:84: Unable to match ModPath CLK -> Q in gls_tb.dut._49_
SDF WARNING: /work/outputs/runtime/silicon-openlane-live-materialization/direct-alpha-runs/kan-tile-c-openlane-2026-03-29T13-45-09/remote-workspace/gls/gls_tb.v:84: Unable to match ModPath RESET_B -> Q in gls_tb.dut._49_
SDF WARNING: /work/outputs/runtime/silicon-openlane-live-materialization/direct-alpha-runs/kan-tile-c-openlane-2026-03-29T13-45-09/remote-workspace/gls/gls_tb.v:84: Unable to match ModPath CLK -> Q in gls_tb.dut._50_
SDF WARNING: /work/outputs/runtime/silicon-openlane-live-materialization/direct-alpha-runs/kan-tile-c-openlane-2026-03-29T13-45-09/remote-workspace/gls/gls_tb.v:84: Unable to match ModPath RESET_B -> Q in gls_tb.dut._50_
SDF WARNING: /work/outputs/runtime/silicon-openlane-live-materialization/direct-alpha-runs/kan-tile-c-openlane-2026-03-29T13-45-09/remote-workspace/gls/gls_tb.v:84: Unable to match ModPath CLK -> Q in gls_tb.dut._51_
SDF WARNING: /work/outputs/runtime/silicon-openlane-live-materialization/direct-alpha-runs/kan-tile-c-openlane-2026-03-29T13-45-09/remote-workspace/gls/gls_tb.v:84: Unable to match ModPath RESET_B -> Q in gls_tb.dut._51_
SDF WARNING: /work/outputs/runtime/silicon-openlane-live-materialization/direct-alpha-runs/kan-tile-c-openlane-2026-03-29T13-45-09/remote-workspace/gls/gls_tb.v:84: Unable to match ModPath CLK -> Q in gls_tb.dut._52_
SDF WARNING: /work/outputs/runtime/silicon-openlane-live-materialization/direct-alpha-runs/kan-tile-c-openlane-2026-03-29T13-45-09/remote-workspace/gls/gls_tb.v:84: Unable to match ModPath RESET_B -> Q in gls_tb.dut._52_
SDF WARNING: /work/outputs/runtime/silicon-openlane-live-materialization/direct-alpha-runs/kan-tile-c-openlane-2026-03-29T13-45-09/remote-workspace/gls/gls_tb.v:84: Unable to match ModPath CLK -> Q in gls_tb.dut._53_
SDF WARNING: /work/outputs/runtime/silicon-openlane-live-materialization/direct-alpha-runs/kan-tile-c-openlane-2026-03-29T13-45-09/remote-workspace/gls/gls_tb.v:84: Unable to match ModPath RESET_B -> Q in gls_tb.dut._53_
SDF WARNING: /work/outputs/runtime/silicon-openlane-live-materialization/direct-alpha-runs/kan-tile-c-openlane-2026-03-29T13-45-09/remote-workspace/gls/gls_tb.v:84: Unable to match ModPath CLK -> Q in gls_tb.dut._54_
SDF WARNING: /work/outputs/runtime/silicon-openlane-live-materialization/direct-alpha-runs/kan-tile-c-openlane-2026-03-29T13-45-09/remote-workspace/gls/gls_tb.v:84: Unable to match ModPath RESET_B -> Q in gls_tb.dut._54_
SDF WARNING: /work/outputs/runtime/silicon-openlane-live-materialization/direct-alpha-runs/kan-tile-c-openlane-2026-03-29T13-45-09/remote-workspace/gls/gls_tb.v:84: Unable to match ModPath A -> X in gls_tb.dut._62_
SDF WARNING: /work/outputs/runtime/silicon-openlane-live-materialization/direct-alpha-runs/kan-tile-c-openlane-2026-03-29T13-45-09/remote-workspace/gls/gls_tb.v:84: Unable to match ModPath A -> X in gls_tb.dut._63_
SDF WARNING: /work/outputs/runtime/silicon-openlane-live-materialization/direct-alpha-runs/kan-tile-c-openlane-2026-03-29T13-45-09/remote-workspace/gls/gls_tb.v:84: Unable to match ModPath A -> X in gls_tb.dut._64_
SDF WARNING: /work/outputs/runtime/silicon-openlane-live-materialization/direct-alpha-runs/kan-tile-c-openlane-2026-03-29T13-45-09/remote-workspace/gls/gls_tb.v:84: Unable to match ModPath A -> X in gls_tb.dut.clkbuf_0_clk
SDF WARNING: /work/outputs/runtime/silicon-openlane-live-materialization/direct-alpha-runs/kan-tile-c-openlane-2026-03-29T13-45-09/remote-workspace/gls/gls_tb.v:84: Unable to match ModPath A -> X in gls_tb.dut.clkbuf_1_0__f_clk
SDF WARNING: /work/outputs/runtime/silicon-openlane-live-materialization/direct-alpha-runs/kan-tile-c-openlane-2026-03-29T13-45-09/remote-workspace/gls/gls_tb.v:84: Unable to match ModPath A -> X in gls_tb.dut.clkbuf_1_1__f_clk
SDF WARNING: /work/outputs/runtime/silicon-openlane-live-materialization/direct-alpha-runs/kan-tile-c-openlane-2026-03-29T13-45-09/remote-workspace/gls/gls_tb.v:84: Unable to match ModPath A -> X in gls_tb.dut.clkload0
SDF WARNING: /work/outputs/runtime/silicon-openlane-live-materialization/direct-alpha-runs/kan-tile-c-openlane-2026-03-29T13-45-09/remote-workspace/gls/gls_tb.v:84: Unable to match ModPath A -> X in gls_tb.dut.input1
SDF WARNING: /work/outputs/runtime/silicon-openlane-live-materialization/direct-alpha-runs/kan-tile-c-openlane-2026-03-29T13-45-09/remote-workspace/gls/gls_tb.v:84: Unable to match ModPath A -> X in gls_tb.dut.input10
SDF WARNING: /work/outputs/runtime/silicon-openlane-live-materialization/direct-alpha-runs/kan-tile-c-openlane-2026-03-29T13-45-09/remote-workspace/gls/gls_tb.v:84: Unable to match ModPath A -> X in gls_tb.dut.input11
SDF WARNING: /work/outputs/runtime/silicon-openlane-live-materialization/direct-alpha-runs/kan-tile-c-openlane-2026-03-29T13-45-09/remote-workspace/gls/gls_tb.v:84: Unable to match ModPath A -> X in gls_tb.dut.input12
SDF WARNING: /work/outputs/runtime/silicon-openlane-live-materialization/direct-alpha-runs/kan-tile-c-openlane-2026-03-29T13-45-09/remote-workspace/gls/gls_tb.v:84: Unable to match ModPath A -> X in gls_tb.dut.input2
SDF WARNING: /work/outputs/runtime/silicon-openlane-live-materialization/direct-alpha-runs/kan-tile-c-openlane-2026-03-29T13-45-09/remote-workspace/gls/gls_tb.v:84: Unable to match ModPath A -> X in gls_tb.dut.input3
SDF WARNING: /work/outputs/runtime/silicon-openlane-live-materialization/direct-alpha-runs/kan-tile-c-openlane-2026-03-29T13-45-09/remote-workspace/gls/gls_tb.v:84: Unable to match ModPath A -> X in gls_tb.dut.input4
SDF WARNING: /work/outputs/runtime/silicon-openlane-live-materialization/direct-alpha-runs/kan-tile-c-openlane-2026-03-29T13-45-09/remote-workspace/gls/gls_tb.v:84: Unable to match ModPath A -> X in gls_tb.dut.input5
SDF WARNING: /work/outputs/runtime/silicon-openlane-live-materialization/direct-alpha-runs/kan-tile-c-openlane-2026-03-29T13-45-09/remote-workspace/gls/gls_tb.v:84: Unable to match ModPath A -> X in gls_tb.dut.input6
SDF WARNING: /work/outputs/runtime/silicon-openlane-live-materialization/direct-alpha-runs/kan-tile-c-openlane-2026-03-29T13-45-09/remote-workspace/gls/gls_tb.v:84: Unable to match ModPath A -> X in gls_tb.dut.input7
SDF WARNING: /work/outputs/runtime/silicon-openlane-live-materialization/direct-alpha-runs/kan-tile-c-openlane-2026-03-29T13-45-09/remote-workspace/gls/gls_tb.v:84: Unable to match ModPath A -> X in gls_tb.dut.input8
SDF WARNING: /work/outputs/runtime/silicon-openlane-live-materialization/direct-alpha-runs/kan-tile-c-openlane-2026-03-29T13-45-09/remote-workspace/gls/gls_tb.v:84: Unable to match ModPath A -> X in gls_tb.dut.input9
SDF WARNING: /work/outputs/runtime/silicon-openlane-live-materialization/direct-alpha-runs/kan-tile-c-openlane-2026-03-29T13-45-09/remote-workspace/gls/gls_tb.v:84: Unable to match ModPath A -> X in gls_tb.dut.output13
SDF WARNING: /work/outputs/runtime/silicon-openlane-live-materialization/direct-alpha-runs/kan-tile-c-openlane-2026-03-29T13-45-09/remote-workspace/gls/gls_tb.v:84: Unable to match ModPath A -> X in gls_tb.dut.output14
SDF WARNING: /work/outputs/runtime/silicon-openlane-live-materialization/direct-alpha-runs/kan-tile-c-openlane-2026-03-29T13-45-09/remote-workspace/gls/gls_tb.v:84: Unable to match ModPath A -> X in gls_tb.dut.output15
SDF WARNING: /work/outputs/runtime/silicon-openlane-live-materialization/direct-alpha-runs/kan-tile-c-openlane-2026-03-29T13-45-09/remote-workspace/gls/gls_tb.v:84: Unable to match ModPath A -> X in gls_tb.dut.output16
SDF WARNING: /work/outputs/runtime/silicon-openlane-live-materialization/direct-alpha-runs/kan-tile-c-openlane-2026-03-29T13-45-09/remote-workspace/gls/gls_tb.v:84: Unable to match ModPath A -> X in gls_tb.dut.output17
SDF WARNING: /work/outputs/runtime/silicon-openlane-live-materialization/direct-alpha-runs/kan-tile-c-openlane-2026-03-29T13-45-09/remote-workspace/gls/gls_tb.v:84: Unable to match ModPath A -> X in gls_tb.dut.output18
SDF WARNING: /work/outputs/runtime/silicon-openlane-live-materialization/direct-alpha-runs/kan-tile-c-openlane-2026-03-29T13-45-09/remote-workspace/gls/gls_tb.v:84: Unable to match ModPath A -> X in gls_tb.dut.output19
SDF WARNING: /work/outputs/runtime/silicon-openlane-live-materialization/direct-alpha-runs/kan-tile-c-openlane-2026-03-29T13-45-09/remote-workspace/gls/gls_tb.v:84: Unable to match ModPath A -> X in gls_tb.dut.output20
SDF WARNING: /work/outputs/runtime/silicon-openlane-live-materialization/direct-alpha-runs/kan-tile-c-openlane-2026-03-29T13-45-09/remote-workspace/gls/gls_tb.v:84: Unable to match ModPath A -> X in gls_tb.dut.output21
SDF WARNING: /work/outputs/runtime/silicon-openlane-live-materialization/direct-alpha-runs/kan-tile-c-openlane-2026-03-29T13-45-09/remote-workspace/gls/gls_tb.v:84: Unable to match ModPath A -> X in gls_tb.dut.output22
SOVRYN_GLS_CASE_PASS case=0 stimulus=-1024 observed=-2048
SOVRYN_GLS_CASE_PASS case=1 stimulus=-768 observed=-1408
SOVRYN_GLS_CASE_PASS case=2 stimulus=-256 observed=-384
SOVRYN_GLS_CASE_PASS case=3 stimulus=0 observed=0
SOVRYN_GLS_CASE_PASS case=4 stimulus=512 observed=1024
SOVRYN_GLS_CASE_PASS case=5 stimulus=2048 observed=2048
SOVRYN_GLS_RESULT pass=1 cases=6 corner=max_tt_025C_1v80
